Starting /usr/sbin/ocs-sr at 2026-09-05 23:59:02 UTC...
*****************************************************.
Clonezilla image dir: /home/partimag
Shutting down the Logical Volume Manager
Finished Shutting down the Logical Volume Manager
The selected devices: sda2
The selected devices: sda2
The following step is to save the hard disk/partition(s) on this machine as an image:
*****************************************************.
Machine: HP EliteBook 8470p
sda2 (141.5G_ntfs(In_SanDisk_SSD_PLUS)_pci-0000_00_1f_2-ata-1_0_19360S477706)
*****************************************************.
-> "/home/partimag/HP-ZBook-Custom-2026-09-05-2358-img".
Shutting down the Logical Volume Manager
Finished Shutting down the Logical Volume Manager
Starting saving /dev/sda2 as /home/partimag/HP-ZBook-Custom-2026-09-05-2358-img/sda2.XXX...
/dev/sda2 filesystem: ntfs.
*****************************************************.
*****************************************************.
Use partclone with pigz to save the image.
Image file will be split with size limit 4096 MB.
*****************************************************.
If this action fails or hangs, check:
* Is the disk full ?
*****************************************************.
Running: partclone.ntfs -z 10485760 -N  -L /var/log/partclone.log -c -s /dev/sda2 --output - | pigz -c --fast -b 1024 --rsyncable | split -a 2 -b 4096MB - /home/partimag/HP-ZBook-Custom-2026-09-05-2358-img/sda2.ntfs-ptcl-img.gz. 2> /tmp/img_out_err.TshxlK
Opening User Interface mode.
Partclone v0.3.47 http://partclone.org
Starting to clone device (/dev/sda2) to image (-)
Reading Super Block
memory needed: 25607972 bytes
bitmap 4636448 bytes, blocks 2*10485760 bytes, checksum 4 bytes
Calculating bitmap... Please wait... 
Total Time: 00:00:01, Ave. Rate:  60.00byte/min, 100.00% completed!
done!
File system:  NTFS
Device size:  151.9 GB = 37091583 Blocks
Space in use: 134.8 GB = 32901768 Blocks
Free Space:    17.2 GB = 4189815 Blocks
Block size:   4096 Byte
Total block 37091583
*************************************************************************
* WARNING: The disk has bad sectors. This means physical damage on the  *
* disk surface caused by deterioration, manufacturing faults, or        *
* another reason. The reliability of the disk may remain stable or      *
* degrade quickly. Use the --rescue option to efficiently save as much  *
* data as possible!                                                     *
************************************************************************************************************************.
Failed to save partition /dev/sda2.
